\BOOKMARK [1][-]{section.1}{\376\377\000B\000i\000g\000\040\000P\000i\000c\000t\000u\000r\000e}{}% 1
\BOOKMARK [1][-]{section.2}{\376\377\000W\000h\000e\000r\000e\000\040\000T\000o\000\040\000S\000t\000a\000r\000t\000\040\000R\000e\000a\000d\000i\000n\000g}{}% 2
\BOOKMARK [1][-]{section.3}{\376\377\000A\000r\000c\000h\000i\000t\000e\000c\000t\000u\000r\000e\000\040\000D\000i\000a\000g\000r\000a\000m\000s}{}% 3
\BOOKMARK [2][-]{subsection.3.1}{\376\377\000B\000e\000n\000c\000h\000m\000a\000r\000k\000\040\000F\000l\000o\000w}{section.3}% 4
\BOOKMARK [2][-]{subsection.3.2}{\376\377\000C\000a\000m\000p\000u\000s\000\040\000E\000v\000a\000l\000u\000a\000t\000i\000o\000n\000\040\000F\000l\000o\000w\000s}{section.3}% 5
\BOOKMARK [2][-]{subsection.3.3}{\376\377\000L\000i\000v\000e\000\040\000F\000l\000o\000w}{section.3}% 6
\BOOKMARK [2][-]{subsection.3.4}{\376\377\000M\000o\000d\000u\000l\000e\000-\000L\000e\000v\000e\000l\000\040\000O\000w\000n\000e\000r\000s\000h\000i\000p}{section.3}% 7
\BOOKMARK [2][-]{subsection.3.5}{\376\377\000A\000r\000t\000i\000f\000a\000c\000t\000s\000\040\000a\000n\000d\000\040\000P\000e\000r\000s\000i\000s\000t\000e\000n\000c\000e\000\040\000F\000l\000o\000w}{section.3}% 8
\BOOKMARK [1][-]{section.4}{\376\377\000C\000o\000d\000e\000\040\000T\000o\000u\000r}{}% 9
\BOOKMARK [2][-]{subsection.4.1}{\376\377\000E\000x\000e\000c\000u\000t\000i\000o\000n\000\040\000M\000o\000d\000e\000s\000\040\000i\000n\000\040\000l\000i\000v\000e\000\137\000v\000p\000r\000\137\000t\000e\000s\000t\000.\000p\000y}{section.4}% 10
\BOOKMARK [2][-]{subsection.4.2}{\376\377\000d\000e\000m\000o\000.\000p\000y}{section.4}% 11
\BOOKMARK [2][-]{subsection.4.3}{\376\377\000d\000a\000t\000a\000s\000e\000t\000s\000/\000l\000o\000a\000d\000\137\000d\000a\000t\000a\000s\000e\000t\000.\000p\000y}{section.4}% 12
\BOOKMARK [2][-]{subsection.4.4}{\376\377\000d\000a\000t\000a\000s\000e\000t\000s\000/\000l\000o\000a\000d\000\137\000d\000a\000t\000a\000s\000e\000t\000\137\000p\000l\000a\000c\000e\000\137\000l\000e\000v\000e\000l\000.\000p\000y}{section.4}% 13
\BOOKMARK [2][-]{subsection.4.5}{\376\377\000m\000a\000t\000c\000h\000i\000n\000g\000/\000m\000a\000t\000c\000h\000i\000n\000g\000.\000p\000y}{section.4}% 14
\BOOKMARK [2][-]{subsection.4.6}{\376\377\000e\000v\000a\000l\000u\000a\000t\000i\000o\000n\000/\000m\000e\000t\000r\000i\000c\000s\000.\000p\000y}{section.4}% 15
\BOOKMARK [2][-]{subsection.4.7}{\376\377\000t\000e\000s\000t\000\137\000c\000a\000m\000p\000u\000s\000\137\000d\000a\000t\000a\000s\000e\000t\000.\000p\000y}{section.4}% 16
\BOOKMARK [2][-]{subsection.4.8}{\376\377\000t\000e\000s\000t\000\137\000c\000a\000m\000p\000u\000s\000\137\000d\000a\000t\000a\000s\000e\000t\000\137\000p\000l\000a\000c\000e\000\137\000l\000e\000v\000e\000l\000.\000p\000y}{section.4}% 17
\BOOKMARK [2][-]{subsection.4.9}{\376\377\000l\000i\000v\000e\000\137\000v\000p\000r\000\137\000t\000e\000s\000t\000.\000p\000y}{section.4}% 18
\BOOKMARK [2][-]{subsection.4.10}{\376\377\000l\000i\000v\000e\000\137\000v\000p\000r\000/\000c\000o\000n\000f\000i\000g\000.\000p\000y\000\040\000a\000n\000d\000\040\000c\000o\000n\000f\000i\000g\000s\000/\000l\000i\000v\000e\000\137\000v\000p\000r\000.\000y\000a\000m\000l}{section.4}% 19
\BOOKMARK [2][-]{subsection.4.11}{\376\377\000l\000i\000v\000e\000\137\000v\000p\000r\000/\000o\000f\000f\000l\000i\000n\000e\000.\000p\000y}{section.4}% 20
\BOOKMARK [2][-]{subsection.4.12}{\376\377\000l\000i\000v\000e\000\137\000v\000p\000r\000/\000d\000a\000t\000a\000b\000a\000s\000e\000.\000p\000y}{section.4}% 21
\BOOKMARK [2][-]{subsection.4.13}{\376\377\000l\000i\000v\000e\000\137\000v\000p\000r\000/\000c\000a\000p\000t\000u\000r\000e\000.\000p\000y}{section.4}% 22
\BOOKMARK [2][-]{subsection.4.14}{\376\377\000l\000i\000v\000e\000\137\000v\000p\000r\000/\000o\000n\000l\000i\000n\000e\000.\000p\000y}{section.4}% 23
\BOOKMARK [2][-]{subsection.4.15}{\376\377\000l\000i\000v\000e\000\137\000v\000p\000r\000/\000s\000e\000a\000r\000c\000h\000.\000p\000y}{section.4}% 24
\BOOKMARK [2][-]{subsection.4.16}{\376\377\000l\000i\000v\000e\000\137\000v\000p\000r\000/\000s\000o\000u\000r\000c\000e\000s\000.\000p\000y}{section.4}% 25
\BOOKMARK [2][-]{subsection.4.17}{\376\377\000l\000i\000v\000e\000\137\000v\000p\000r\000/\000u\000i\000.\000p\000y}{section.4}% 26
\BOOKMARK [2][-]{subsection.4.18}{\376\377\000s\000c\000r\000i\000p\000t\000s\000/\000l\000i\000v\000e\000\137\000v\000p\000r\000\137\000c\000l\000i\000.\000s\000h}{section.4}% 27
\BOOKMARK [1][-]{section.5}{\376\377\000W\000o\000r\000k\000e\000d\000\040\000E\000x\000a\000m\000p\000l\000e\000\040\000A\000:\000\040\000B\000e\000n\000c\000h\000m\000a\000r\000k\000\040\000E\000v\000a\000l\000u\000a\000t\000i\000o\000n\000\040\000\050\0001\0000\000-\000i\000m\000a\000g\000e\000\040\000d\000r\000y\000\040\000r\000u\000n\000\051}{}% 28
\BOOKMARK [2][-]{subsection.5.1}{\376\377\000S\000e\000t\000u\000p}{section.5}% 29
\BOOKMARK [2][-]{subsection.5.2}{\376\377\000S\000t\000e\000p\000\040\0001\000:\000\040\000B\000u\000i\000l\000d\000\040\000h\000a\000r\000d\000\040\000g\000r\000o\000u\000n\000d\000\040\000t\000r\000u\000t\000h\000\040\000G\000T\000h\000a\000r\000d}{section.5}% 30
\BOOKMARK [2][-]{subsection.5.3}{\376\377\000S\000t\000e\000p\000\040\0002\000:\000\040\000B\000u\000i\000l\000d\000\040\000s\000o\000f\000t\000\040\000g\000r\000o\000u\000n\000d\000\040\000t\000r\000u\000t\000h\000\040\000G\000T\000s\000o\000f\000t}{section.5}% 31
\BOOKMARK [2][-]{subsection.5.4}{\376\377\000S\000t\000e\000p\000\040\0003\000:\000\040\000D\000e\000s\000c\000r\000i\000p\000t\000o\000r\000\040\000e\000x\000t\000r\000a\000c\000t\000i\000o\000n\000\040\000a\000n\000d\000\040\000s\000i\000m\000i\000l\000a\000r\000i\000t\000y\000\040\000m\000a\000t\000r\000i\000x\000\040\000S}{section.5}% 32
\BOOKMARK [2][-]{subsection.5.5}{\376\377\000S\000t\000e\000p\000\040\0004\000:\000\040\000M\000a\000t\000c\000h\000i\000n\000g\000\040\000o\000u\000t\000p\000u\000t\000s}{section.5}% 33
\BOOKMARK [2][-]{subsection.5.6}{\376\377\000S\000t\000e\000p\000\040\0005\000:\000\040\000D\000r\000y\000-\000r\000u\000n\000\040\000p\000r\000e\000c\000i\000s\000i\000o\000n\000/\000r\000e\000c\000a\000l\000l\000\040\000a\000t\000\040\000m\000u\000l\000t\000i\000p\000l\000e\000\040\000t\000h\000r\000e\000s\000h\000o\000l\000d\000s}{section.5}% 34
\BOOKMARK [2][-]{subsection.5.7}{\376\377\000S\000t\000e\000p\000\040\0006\000:\000\040\000A\000U\000C\000,\000\040\000R\000@\0001\0000\0000\000P\000,\000\040\000a\000n\000d\000\040\000R\000@\000K}{section.5}% 35
\BOOKMARK [2][-]{subsection.5.8}{\376\377\000I\000n\000t\000u\000i\000t\000i\000o\000n\000\040\000s\000u\000m\000m\000a\000r\000y}{section.5}% 36
\BOOKMARK [2][-]{subsection.5.9}{\376\377\000C\000a\000m\000p\000u\000s\000-\000s\000p\000e\000c\000i\000f\000i\000c\000\040\000i\000n\000t\000e\000r\000p\000r\000e\000t\000a\000t\000i\000o\000n\000:\000\040\000s\000t\000r\000i\000c\000t\000\040\000v\000s\000\040\000p\000l\000a\000c\000e\000-\000l\000e\000v\000e\000l}{section.5}% 37
\BOOKMARK [1][-]{section.6}{\376\377\000W\000o\000r\000k\000e\000d\000\040\000E\000x\000a\000m\000p\000l\000e\000\040\000B\000:\000\040\000L\000i\000v\000e\000\040\000f\000l\000o\000w\000\040\000a\000n\000d\000\040\000d\000a\000t\000a\000b\000a\000s\000e\000\040\000f\000l\000o\000w\000\040\000\050\000c\000o\000n\000t\000r\000i\000v\000e\000d\000\051}{}% 38
\BOOKMARK [2][-]{subsection.6.1}{\376\377\000S\000t\000e\000p\000\040\0001\000:\000\040\000B\000u\000i\000l\000d\000\040\000a\000\040\000t\000i\000n\000y\000\040\000r\000e\000f\000e\000r\000e\000n\000c\000e\000\040\000m\000a\000p}{section.6}% 39
\BOOKMARK [2][-]{subsection.6.2}{\376\377\000S\000t\000e\000p\000\040\0002\000:\000\040\000O\000n\000l\000i\000n\000e\000\040\000l\000o\000c\000a\000l\000i\000z\000a\000t\000i\000o\000n\000\040\000f\000o\000r\000\040\000i\000n\000c\000o\000m\000i\000n\000g\000\040\000f\000r\000a\000m\000e\000s}{section.6}% 40
\BOOKMARK [2][-]{subsection.6.3}{\376\377\000S\000t\000e\000p\000\040\0002\000.\0005\000:\000\040\000W\000h\000a\000t\000\040\000t\000h\000e\000\040\000l\000i\000v\000e\000\040\000U\000I\000\040\000`\000`\000S\000c\000o\000r\000e\000'\000'\000\040\000m\000e\000a\000n\000s}{section.6}% 41
\BOOKMARK [2][-]{subsection.6.4}{\376\377\000S\000t\000e\000p\000\040\0003\000:\000\040\000W\000h\000e\000r\000e\000\040\000d\000a\000t\000a\000b\000a\000s\000e\000\040\000f\000l\000o\000w\000\040\000a\000n\000d\000\040\000U\000I\000\040\000f\000l\000o\000w\000\040\000m\000e\000e\000t}{section.6}% 42
\BOOKMARK [2][-]{subsection.6.5}{\376\377\000I\000n\000t\000u\000i\000t\000i\000o\000n\000\040\000s\000u\000m\000m\000a\000r\000y}{section.6}% 43
\BOOKMARK [1][-]{section.7}{\376\377\000E\000x\000t\000e\000n\000s\000i\000o\000n\000\040\000P\000o\000i\000n\000t\000s}{}% 44
\BOOKMARK [1][-]{section.8}{\376\377\000P\000r\000a\000c\000t\000i\000c\000a\000l\000\040\000M\000e\000n\000t\000a\000l\000\040\000M\000o\000d\000e\000l}{}% 45
\BOOKMARK [1][-]{section.9}{\376\377\000K\000n\000o\000w\000n\000\040\000D\000i\000a\000g\000r\000a\000m\000\040\000R\000e\000n\000d\000e\000r\000i\000n\000g\000\040\000P\000i\000t\000f\000a\000l\000l\000s\000\040\000\050\000a\000n\000d\000\040\000w\000h\000y\000\040\000t\000h\000e\000s\000e\000\040\000f\000i\000g\000u\000r\000e\000s\000\040\000a\000r\000e\000\040\000s\000t\000a\000b\000l\000e\000\040\000n\000o\000w\000\051}{}% 46
